// Jest Snapshot v1, https://goo.gl/fbAQLP

exports[`semver - should those tests break, consider releasing a new major version of the package config contents 1`] = `
Object {
  "a11y/content-property-no-static-value": Array [
    true,
  ],
  "a11y/font-size-is-readable": Array [
    true,
  ],
  "a11y/media-prefers-reduced-motion": Array [
    true,
  ],
  "a11y/no-obsolete-attribute": Array [
    true,
  ],
  "a11y/no-obsolete-element": Array [
    true,
  ],
  "a11y/no-text-align-justify": Array [
    true,
  ],
  "at-rule-empty-line-before": null,
  "at-rule-name-case": null,
  "at-rule-name-newline-after": null,
  "at-rule-name-space-after": Array [
    "always",
  ],
  "at-rule-no-unknown": null,
  "at-rule-no-vendor-prefix": Array [
    true,
  ],
  "at-rule-semicolon-newline-after": null,
  "at-rule-semicolon-space-before": Array [
    "never",
  ],
  "block-closing-brace-empty-line-before": null,
  "block-closing-brace-newline-after": null,
  "block-closing-brace-newline-before": null,
  "block-closing-brace-space-after": null,
  "block-closing-brace-space-before": null,
  "block-no-empty": Array [
    true,
  ],
  "block-opening-brace-newline-after": null,
  "block-opening-brace-newline-before": null,
  "block-opening-brace-space-after": null,
  "block-opening-brace-space-before": null,
  "color-hex-case": null,
  "color-hex-length": Array [
    "short",
  ],
  "color-named": Array [
    "never",
  ],
  "color-no-invalid-hex": Array [
    true,
  ],
  "comment-empty-line-before": Array [
    "always",
    Object {
      "except": Array [
        "first-nested",
      ],
      "ignore": Array [
        "stylelint-commands",
      ],
    },
  ],
  "comment-no-empty": Array [
    true,
  ],
  "comment-whitespace-inside": Array [
    "always",
  ],
  "custom-property-empty-line-before": Array [
    "always",
    Object {
      "except": Array [
        "after-custom-property",
        "first-nested",
      ],
      "ignore": Array [
        "after-comment",
        "inside-single-line-block",
      ],
    },
  ],
  "declaration-bang-space-after": Array [
    "never",
  ],
  "declaration-bang-space-before": Array [
    "always",
  ],
  "declaration-block-no-duplicate-properties": Array [
    true,
    Object {
      "ignore": Array [
        "consecutive-duplicates-with-different-values",
      ],
    },
  ],
  "declaration-block-no-shorthand-property-overrides": Array [
    true,
  ],
  "declaration-block-semicolon-newline-after": null,
  "declaration-block-semicolon-newline-before": null,
  "declaration-block-semicolon-space-after": null,
  "declaration-block-semicolon-space-before": null,
  "declaration-block-single-line-max-declarations": Array [
    1,
  ],
  "declaration-block-trailing-semicolon": null,
  "declaration-colon-newline-after": null,
  "declaration-colon-space-after": null,
  "declaration-colon-space-before": null,
  "declaration-empty-line-before": Array [
    "always",
    Object {
      "except": Array [
        "after-declaration",
        "first-nested",
      ],
      "ignore": Array [
        "after-comment",
        "inside-single-line-block",
      ],
    },
  ],
  "declaration-no-important": Array [
    true,
  ],
  "font-family-no-duplicate-names": Array [
    true,
  ],
  "font-family-no-missing-generic-family-keyword": Array [
    true,
  ],
  "function-calc-no-invalid": Array [
    true,
  ],
  "function-calc-no-unspaced-operator": Array [
    true,
  ],
  "function-comma-newline-after": null,
  "function-comma-newline-before": null,
  "function-comma-space-after": null,
  "function-comma-space-before": null,
  "function-linear-gradient-no-nonstandard-direction": Array [
    true,
  ],
  "function-max-empty-lines": null,
  "function-name-case": Array [
    "lower",
  ],
  "function-parentheses-newline-inside": null,
  "function-parentheses-space-inside": null,
  "function-whitespace-after": Array [
    "always",
  ],
  "indentation": null,
  "keyframe-declaration-no-important": Array [
    true,
  ],
  "length-zero-no-unit": Array [
    true,
  ],
  "max-empty-lines": null,
  "max-line-length": null,
  "max-nesting-depth": Array [
    3,
  ],
  "media-feature-colon-space-after": Array [
    "always",
  ],
  "media-feature-colon-space-before": Array [
    "never",
  ],
  "media-feature-name-case": null,
  "media-feature-name-no-unknown": Array [
    true,
  ],
  "media-feature-name-no-vendor-prefix": Array [
    true,
  ],
  "media-feature-parentheses-space-inside": Array [
    "never",
  ],
  "media-feature-range-operator-space-after": Array [
    "always",
  ],
  "media-feature-range-operator-space-before": Array [
    "always",
  ],
  "media-query-list-comma-newline-after": null,
  "media-query-list-comma-newline-before": null,
  "media-query-list-comma-space-after": null,
  "media-query-list-comma-space-before": null,
  "no-descending-specificity": Array [
    true,
  ],
  "no-duplicate-at-import-rules": Array [
    true,
  ],
  "no-duplicate-selectors": Array [
    true,
  ],
  "no-empty-source": Array [
    true,
  ],
  "no-eol-whitespace": null,
  "no-extra-semicolons": null,
  "no-invalid-double-slash-comments": Array [
    true,
  ],
  "no-missing-end-of-source-newline": Array [
    true,
  ],
  "number-leading-zero": null,
  "number-no-trailing-zeros": null,
  "order/order": Array [
    Array [
      "dollar-variables",
      "custom-properties",
      Object {
        "hasBlock": false,
        "type": "at-rule",
      },
      "declarations",
      "rules",
      Object {
        "hasBlock": true,
        "type": "at-rule",
      },
    ],
  ],
  "order/properties-order": Array [
    Array [
      Object {
        "groupName": "All",
        "properties": Array [
          "all",
        ],
      },
      Object {
        "groupName": "Position",
        "properties": Array [
          "position",
          "top",
          "right",
          "bottom",
          "left",
          "z-index",
        ],
      },
      Object {
        "groupName": "Display mode",
        "properties": Array [
          "box-sizing",
          "display",
        ],
      },
      Object {
        "groupName": "Flexbox",
        "properties": Array [
          "flex",
          "flex-basis",
          "flex-direction",
          "flex-flow",
          "flex-grow",
          "flex-shrink",
          "flex-wrap",
        ],
      },
      Object {
        "groupName": "Grid",
        "properties": Array [
          "grid",
          "grid-area",
          "grid-template",
          "grid-template-areas",
          "grid-template-rows",
          "grid-template-columns",
          "grid-row",
          "grid-row-start",
          "grid-row-end",
          "grid-column",
          "grid-column-start",
          "grid-column-end",
          "grid-auto-rows",
          "grid-auto-columns",
          "grid-auto-flow",
          "grid-gap",
          "grid-row-gap",
          "grid-column-gap",
        ],
      },
      Object {
        "groupName": "Align",
        "properties": Array [
          "align-content",
          "align-items",
          "align-self",
        ],
      },
      Object {
        "groupName": "Justify",
        "properties": Array [
          "justify-content",
          "justify-items",
          "justify-self",
        ],
      },
      Object {
        "groupName": "Order",
        "properties": Array [
          "order",
        ],
      },
      Object {
        "groupName": "Box model",
        "properties": Array [
          "float",
          "width",
          "min-width",
          "max-width",
          "height",
          "min-height",
          "max-height",
          "padding",
          "padding-top",
          "padding-right",
          "padding-bottom",
          "padding-left",
          "margin",
          "margin-top",
          "margin-right",
          "margin-bottom",
          "margin-left",
          "overflow",
          "overflow-x",
          "overflow-y",
          "-webkit-overflow-scrolling",
          "-ms-overflow-x",
          "-ms-overflow-y",
          "-ms-overflow-style",
          "clip",
          "clear",
        ],
      },
      Object {
        "groupName": "Typography",
        "properties": Array [
          "font",
          "font-family",
          "font-size",
          "font-style",
          "font-weight",
          "font-variant",
          "font-size-adjust",
          "font-stretch",
          "font-effect",
          "font-emphasize",
          "font-emphasize-position",
          "font-emphasize-style",
          "-webkit-font-smoothing",
          "-moz-osx-font-smoothing",
          "font-smooth",
          "hyphens",
          "line-height",
          "color",
          "text-align",
          "text-align-last",
          "text-emphasis",
          "text-emphasis-color",
          "text-emphasis-style",
          "text-emphasis-position",
          "text-decoration",
          "text-indent",
          "text-justify",
          "text-outline",
          "-ms-text-overflow",
          "text-overflow",
          "text-overflow-ellipsis",
          "text-overflow-mode",
          "text-shadow",
          "text-transform",
          "text-wrap",
          "-webkit-text-size-adjust",
          "-ms-text-size-adjust",
          "letter-spacing",
          "word-break",
          "word-spacing",
          "word-wrap",
          "overflow-wrap",
          "tab-size",
          "white-space",
          "vertical-align",
          "list-style",
          "list-style-position",
          "list-style-type",
          "list-style-image",
        ],
      },
      Object {
        "groupName": "Accessibility & Interactions",
        "properties": Array [
          "pointer-events",
          "-ms-touch-action",
          "touch-action",
          "cursor",
          "visibility",
          "zoom",
          "table-layout",
          "empty-cells",
          "caption-side",
          "border-spacing",
          "border-collapse",
          "content",
          "quotes",
          "counter-reset",
          "counter-increment",
          "resize",
          "user-select",
          "nav-index",
          "nav-up",
          "nav-right",
          "nav-down",
          "nav-left",
        ],
      },
      Object {
        "groupName": "Background & Borders",
        "properties": Array [
          "background",
          "background-color",
          "background-image",
          "-ms-filter:\\\\'progid:DXImageTransform.Microsoft.gradient",
          "filter:progid:DXImageTransform.Microsoft.gradient",
          "filter:progid:DXImageTransform.Microsoft.AlphaImageLoader",
          "filter",
          "background-repeat",
          "background-attachment",
          "background-position",
          "background-position-x",
          "background-position-y",
          "background-clip",
          "background-origin",
          "background-size",
          "background-blend-mode",
          "isolation",
          "border",
          "border-color",
          "border-style",
          "border-width",
          "border-top",
          "border-top-color",
          "border-top-style",
          "border-top-width",
          "border-right",
          "border-right-color",
          "border-right-style",
          "border-right-width",
          "border-bottom",
          "border-bottom-color",
          "border-bottom-style",
          "border-bottom-width",
          "border-left",
          "border-left-color",
          "border-left-style",
          "border-left-width",
          "border-radius",
          "border-top-left-radius",
          "border-top-right-radius",
          "border-bottom-right-radius",
          "border-bottom-left-radius",
          "border-image",
          "border-image-source",
          "border-image-slice",
          "border-image-width",
          "border-image-outset",
          "border-image-repeat",
          "outline",
          "outline-width",
          "outline-style",
          "outline-color",
          "outline-offset",
          "box-shadow",
          "mix-blend-mode",
          "filter:progid:DXImageTransform.Microsoft.Alpha(Opacity",
          "-ms-filter:\\\\'progid:DXImageTransform.Microsoft.Alpha",
          "opacity",
          "-ms-interpolation-mode",
        ],
      },
      Object {
        "groupName": "SVG Presentation Attributes",
        "properties": Array [
          "alignment-baseline",
          "baseline-shift",
          "dominant-baseline",
          "text-anchor",
          "word-spacing",
          "writing-mode",
          "fill",
          "fill-opacity",
          "fill-rule",
          "stroke",
          "stroke-dasharray",
          "stroke-dashoffset",
          "stroke-linecap",
          "stroke-linejoin",
          "stroke-miterlimit",
          "stroke-opacity",
          "stroke-width",
          "color-interpolation",
          "color-interpolation-filters",
          "color-profile",
          "color-rendering",
          "flood-color",
          "flood-opacity",
          "image-rendering",
          "lighting-color",
          "marker-start",
          "marker-mid",
          "marker-end",
          "mask",
          "shape-rendering",
          "stop-color",
          "stop-opacity",
        ],
      },
      Object {
        "groupName": "Transitions & Animation",
        "properties": Array [
          "transition",
          "transition-delay",
          "transition-timing-function",
          "transition-duration",
          "transition-property",
          "transform",
          "transform-origin",
          "animation",
          "animation-name",
          "animation-duration",
          "animation-play-state",
          "animation-timing-function",
          "animation-delay",
          "animation-iteration-count",
          "animation-direction",
        ],
      },
    ],
  ],
  "plugin/declaration-block-no-ignored-properties": Array [
    true,
  ],
  "plugin/no-unsupported-browser-features": Array [
    true,
    Object {
      "ignore": Array [
        "user-select-none",
        "css3-cursors",
        "viewport-units",
        "outline",
        "css-appearance",
      ],
    },
  ],
  "property-case": null,
  "property-no-unknown": Array [
    true,
  ],
  "property-no-vendor-prefix": Array [
    true,
  ],
  "rule-empty-line-before": null,
  "scale-unlimited/declaration-strict-value": Array [
    Array [
      "/color/",
      "z-index",
      "font-size",
      "font-family",
    ],
    Object {
      "ignoreKeywords": Array [
        "currentColor",
        "inherit",
        "transparent",
        "initial",
      ],
    },
  ],
  "scss/at-function-named-arguments": Array [
    "always",
  ],
  "scss/at-mixin-argumentless-call-parentheses": Array [
    "always",
  ],
  "scss/at-mixin-named-arguments": Array [
    "always",
  ],
  "scss/at-rule-no-unknown": Array [
    true,
  ],
  "scss/declaration-nested-properties": Array [
    "never",
  ],
  "scss/dollar-variable-no-missing-interpolation": Array [
    true,
  ],
  "scss/media-feature-value-dollar-variable": Array [
    "always",
  ],
  "scss/no-duplicate-dollar-variables": Array [
    true,
  ],
  "scss/percent-placeholder-pattern": Array [
    "^do-not-use-placeholders$",
  ],
  "scss/selector-no-redundant-nesting-selector": Array [
    true,
  ],
  "selector-attribute-brackets-space-inside": Array [
    "never",
  ],
  "selector-attribute-operator-space-after": Array [
    "never",
  ],
  "selector-attribute-operator-space-before": Array [
    "never",
  ],
  "selector-attribute-quotes": Array [
    "always",
  ],
  "selector-combinator-space-after": null,
  "selector-combinator-space-before": null,
  "selector-descendant-combinator-no-non-space": null,
  "selector-list-comma-newline-after": null,
  "selector-list-comma-newline-before": null,
  "selector-list-comma-space-after": null,
  "selector-list-comma-space-before": null,
  "selector-max-empty-lines": null,
  "selector-max-id": Array [
    0,
  ],
  "selector-max-specificity": Array [
    "0,3,0",
  ],
  "selector-max-type": Array [
    1,
  ],
  "selector-no-qualifying-type": Array [
    true,
  ],
  "selector-no-vendor-prefix": Array [
    true,
  ],
  "selector-pseudo-class-case": null,
  "selector-pseudo-class-no-unknown": Array [
    true,
  ],
  "selector-pseudo-class-parentheses-space-inside": Array [
    "never",
  ],
  "selector-pseudo-element-case": null,
  "selector-pseudo-element-colon-notation": Array [
    "double",
  ],
  "selector-pseudo-element-no-unknown": Array [
    true,
  ],
  "selector-type-case": Array [
    "lower",
  ],
  "selector-type-no-unknown": Array [
    true,
  ],
  "shorthand-property-no-redundant-values": Array [
    true,
  ],
  "string-no-newline": Array [
    true,
  ],
  "string-quotes": null,
  "unit-case": null,
  "unit-no-unknown": Array [
    true,
  ],
  "value-list-comma-newline-after": null,
  "value-list-comma-newline-before": null,
  "value-list-comma-space-after": null,
  "value-list-comma-space-before": null,
  "value-list-max-empty-lines": null,
  "value-no-vendor-prefix": Array [
    true,
  ],
}
`;
